// Jest Snapshot v1, https://goo.gl/fbAQLP

exports[`Pokemon_app_card should render the card component 1`] = `ShallowWrapper {}`;
